[0m   [1;36mздддд[0;36mддддд[1;30mддддд[0m                                            [1;30mддддд[0;36mддддд[1mдддд©[0m
[1;36m зд[37mе[36mдддд[0;36mддддд[1;30mддддд[0m                                            [1;30mддддд[0;36mддддд[1mдддд[37mе[36mд©[0m
[1;36m Ё Ё[0m  [1;32mб ©бд©бд©бд©  © ббд©б  Ыбд©бд©зб©Ызд©з©©                              [36mЁ Ё[0m
[1;36m Ё Ё  [32mЁ Ёюд©цд Ёбы  ЁзыЁд╢Ё  ЁЁ ЁЁд╢ Ё ЁЁ ЁЁЁЁ        [36mSUCCESSFUL[0m            [1;36mЁ Ё[0m
[1;36m [0;36mЁ Ё  [1;32mюдыддыадыыюы  юы ы ЁадыЁюдыы Ё Ё Ёюдыыюы                              [0;36mЁ Ё[37m
[36m Ё Ё                                                                        Ё Ё[37m
[36m [1;30mЁ Ё                   [32mPlease enjoy the rest of the BBS![0m                    [1;30mЁ Ё[0m
[1;30m Ё Ё                                                                        Ё Ё[0m
